[2026-09-01 21:13:59] Starting autonomous training check...
[2026-09-01 21:13:59] Error reading telemetry: log_path_not_found
[2026-09-01 21:43:59] Starting autonomous training check...
[2026-09-01 21:43:59] Update 7 | Life: 2082mv | Pellets: 67.9% (Gain: +0.0%) | Osc: 4.8% | VLoss: 5.08
[2026-09-01 21:43:59] Checkpoint backed up to: player_rl_20260901_214359.pt
[2026-09-01 21:43:59] Training trajectory is healthy and progressing. No intervention required.
[2026-09-01 22:13:59] Starting autonomous training check...
[2026-09-01 22:13:59] Update 62 | Life: 2525mv | Pellets: 88.1% (Gain: +3.3%) | Osc: 3.3% | VLoss: 7.69
[2026-09-01 22:13:59] Checkpoint backed up to: player_rl_20260901_221359.pt
[2026-09-01 22:13:59] Training trajectory is healthy and progressing. No intervention required.
[2026-09-01 22:43:59] Starting autonomous training check...
[2026-09-01 22:43:59] Update 25 | Life: 74mv | Pellets: 16.9% (Gain: +0.0%) | Osc: 5.3% | VLoss: 13.06
[2026-09-01 22:43:59] Checkpoint backed up to: player_rl_20260901_224359.pt
[2026-09-01 22:43:59] TRIGGER: Anomaly/Plateau detected! Reasons: Low Survival (74mv < 100)
[2026-09-01 22:44:01] Agent invocation result: success=True
[2026-09-01 23:14:01] Starting autonomous training check...
[2026-09-01 23:14:01] Update 82 | Life: 84mv | Pellets: 19.5% (Gain: +0.9%) | Osc: 9.4% | VLoss: 14.43
[2026-09-01 23:14:01] Checkpoint backed up to: player_rl_20260901_231401.pt
[2026-09-01 23:14:01] TRIGGER: Anomaly/Plateau detected! Reasons: Training Plateau Detected (Pellet gain is only +0.9% over last ~30-40 updates), Low Survival (84mv < 100)
[2026-09-01 23:14:02] Agent invocation result: success=True
[2026-09-01 23:44:02] Starting autonomous training check...
[2026-09-01 23:44:02] Update 140 | Life: 84mv | Pellets: 16.1% (Gain: -2.6%) | Osc: 7.8% | VLoss: 12.87
[2026-09-01 23:44:02] Checkpoint backed up to: player_rl_20260901_234402.pt
[2026-09-01 23:44:02] TRIGGER: Anomaly/Plateau detected! Reasons: Low Survival (84mv < 100)
[2026-09-01 23:44:03] Agent invocation result: success=True
[2026-09-02 00:14:03] Starting autonomous training check...
[2026-09-02 00:14:03] Update 2 | Life: 86mv | Pellets: 19.6% (Gain: +0.0%) | Osc: 7.8% | VLoss: 14.95
[2026-09-02 00:14:03] Checkpoint backed up to: player_rl_20260902_001403.pt
[2026-09-02 00:14:03] TRIGGER: Anomaly/Plateau detected! Reasons: Low Survival (86mv < 100)
[2026-09-02 00:14:04] Agent invocation result: success=True
[2026-09-02 00:44:04] Starting autonomous training check...
[2026-09-02 00:44:04] Update 59 | Life: 82mv | Pellets: 16.4% (Gain: -0.1%) | Osc: 10.3% | VLoss: 14.68
[2026-09-02 00:44:04] Checkpoint backed up to: player_rl_20260902_004404.pt
[2026-09-02 00:44:04] TRIGGER: Anomaly/Plateau detected! Reasons: Training Plateau Detected (Pellet gain is only -0.1% over last ~30-40 updates), Low Survival (82mv < 100)
[2026-09-02 00:44:06] Agent invocation result: success=True
[2026-09-02 01:14:06] Starting autonomous training check...
[2026-09-02 01:14:06] Update 117 | Life: 81mv | Pellets: 16.2% (Gain: -2.6%) | Osc: 6.2% | VLoss: 11.82
[2026-09-02 01:14:06] Checkpoint backed up to: player_rl_20260902_011406.pt
[2026-09-02 01:14:06] TRIGGER: Anomaly/Plateau detected! Reasons: Low Survival (81mv < 100)
[2026-09-02 01:14:07] Agent invocation result: success=True
[2026-09-02 01:44:07] Starting autonomous training check...
[2026-09-02 01:44:07] Update 9 | Life: 84mv | Pellets: 20.1% (Gain: +0.0%) | Osc: 6.2% | VLoss: 8.29
[2026-09-02 01:44:07] Checkpoint backed up to: player_rl_20260902_014407.pt
[2026-09-02 01:44:07] TRIGGER: Anomaly/Plateau detected! Reasons: Low Survival (84mv < 100)
[2026-09-02 01:44:08] Agent invocation result: success=True
[2026-09-02 02:14:08] Starting autonomous training check...
[2026-09-02 02:14:08] Update 65 | Life: 89mv | Pellets: 22.2% (Gain: -0.8%) | Osc: 3.5% | VLoss: 7.93
[2026-09-02 02:14:08] Checkpoint backed up to: player_rl_20260902_021408.pt
[2026-09-02 02:14:08] TRIGGER: Anomaly/Plateau detected! Reasons: Training Plateau Detected (Pellet gain is only -0.8% over last ~30-40 updates), Low Survival (89mv < 100)
[2026-09-02 02:14:09] Agent invocation result: success=True
[2026-09-02 02:44:09] Starting autonomous training check...
[2026-09-02 02:44:09] Update 10 | Life: 105mv | Pellets: 27.5% (Gain: +0.0%) | Osc: 4.3% | VLoss: 11.22
[2026-09-02 02:44:09] Checkpoint backed up to: player_rl_20260902_024409.pt
[2026-09-02 02:44:09] Training trajectory is healthy and progressing. No intervention required.
[2026-09-02 03:14:09] Starting autonomous training check...
[2026-09-02 03:14:09] Update 4 | Life: 97mv | Pellets: 11.8% (Gain: +0.0%) | Osc: 33.8% | VLoss: 9.21
[2026-09-02 03:14:09] Checkpoint backed up to: player_rl_20260902_031409.pt
[2026-09-02 03:14:09] TRIGGER: Anomaly/Plateau detected! Reasons: High Oscillation (33.8% > 20%), Low Survival (97mv < 100)
[2026-09-02 03:14:10] Agent invocation result: success=True
[2026-09-02 03:44:10] Starting autonomous training check...
[2026-09-02 03:44:10] Update 18 | Life: 95mv | Pellets: 19.8% (Gain: +0.0%) | Osc: 5.0% | VLoss: 11.30
[2026-09-02 03:44:10] Checkpoint backed up to: player_rl_20260902_034410.pt
[2026-09-02 03:44:10] TRIGGER: Anomaly/Plateau detected! Reasons: Low Survival (95mv < 100)
[2026-09-02 03:44:12] Agent invocation result: success=True
[2026-09-02 04:14:12] Starting autonomous training check...
[2026-09-02 04:14:12] Update 56 | Life: 282mv | Pellets: 44.5% (Gain: +5.6%) | Osc: 4.9% | VLoss: 15.14
[2026-09-02 04:14:12] Checkpoint backed up to: player_rl_20260902_041412.pt
[2026-09-02 04:14:12] Training trajectory is healthy and progressing. No intervention required.
[2026-09-02 04:44:12] Starting autonomous training check...
[2026-09-02 04:44:12] Update 113 | Life: 288mv | Pellets: 45.7% (Gain: +0.2%) | Osc: 5.3% | VLoss: 13.91
[2026-09-02 04:44:12] Checkpoint backed up to: player_rl_20260902_044412.pt
[2026-09-02 04:44:12] TRIGGER: Anomaly/Plateau detected! Reasons: Training Plateau Detected (Pellet gain is only +0.2% over last ~30-40 updates), Persistent 100% Death Rate Ceiling without level completion
[2026-09-02 04:44:13] Agent invocation result: success=True
[2026-09-02 05:14:13] Starting autonomous training check...
[2026-09-02 05:14:13] Update 170 | Life: 300mv | Pellets: 46.2% (Gain: -2.0%) | Osc: 5.6% | VLoss: 13.96
[2026-09-02 05:14:13] Checkpoint backed up to: player_rl_20260902_051413.pt
[2026-09-02 05:14:13] TRIGGER: Anomaly/Plateau detected! Reasons: Training Plateau Detected (Pellet gain is only -2.0% over last ~30-40 updates), Persistent 100% Death Rate Ceiling without level completion
[2026-09-02 05:14:14] Agent invocation result: success=True
[2026-09-02 05:44:14] Starting autonomous training check...
[2026-09-02 05:44:14] Update 227 | Life: 300mv | Pellets: 50.0% (Gain: +2.9%) | Osc: 4.6% | VLoss: 14.11
[2026-09-02 05:44:14] Checkpoint backed up to: player_rl_20260902_054414.pt
[2026-09-02 05:44:14] Training trajectory is healthy and progressing. No intervention required.
[2026-09-02 06:14:14] Starting autonomous training check...
[2026-09-02 06:14:14] Update 284 | Life: 321mv | Pellets: 50.9% (Gain: -0.2%) | Osc: 6.6% | VLoss: 13.83
[2026-09-02 06:14:14] Checkpoint backed up to: player_rl_20260902_061414.pt
[2026-09-02 06:14:14] TRIGGER: Anomaly/Plateau detected! Reasons: Training Plateau Detected (Pellet gain is only -0.2% over last ~30-40 updates)
[2026-09-02 06:14:15] Agent invocation result: success=True
[2026-09-02 06:44:15] Starting autonomous training check...
[2026-09-02 06:44:15] Error reading telemetry: no_updates_found
